This is pdfTeX, Version 3.141592653-2.6-1.40.25 (TeX Live 2023/Debian) (preloaded format=pdflatex 2026.2.11)  11 FEB 2026 11:53
entering extended mode
 restricted \write18 enabled.
 file:line:error style messages enabled.
 %&-line parsing enabled.
**/home/vikpo/seniordesign39/feb12writeup/writeup.tex
(/home/vikpo/seniordesign39/feb12writeup/writeup.tex
LaTeX2e <2023-11-01> patch level 1
L3 programming layer <2024-01-22>
(/usr/share/texlive/texmf-dist/tex/latex/base/article.cls
Document Class: article 2023/05/17 v1.4n Standard LaTeX document class
(/usr/share/texlive/texmf-dist/tex/latex/base/size12.clo
File: size12.clo 2023/05/17 v1.4n Standard LaTeX file (size option)
)
\c@part=\count187
\c@section=\count188
\c@subsection=\count189
\c@subsubsection=\count190
\c@paragraph=\count191
\c@subparagraph=\count192
\c@figure=\count193
\c@table=\count194
\abovecaptionskip=\skip48
\belowcaptionskip=\skip49
\bibindent=\dimen140
) (/usr/share/texlive/texmf-dist/tex/latex/makecell/makecell.sty
Package: makecell 2009/08/03 V0.1e Managing of Tab Column Heads and Cells
 (/usr/share/texlive/texmf-dist/tex/latex/tools/array.sty
Package: array 2023/10/16 v2.5g Tabular extension package (FMi)
\col@sep=\dimen141
\ar@mcellbox=\box51
\extrarowheight=\dimen142
\NC@list=\toks17
\extratabsurround=\skip50
\backup@length=\skip51
\ar@cellbox=\box52
)
\rotheadsize=\dimen143
\c@nlinenum=\count195
\TeXr@lab=\toks18
) (/usr/share/texlive/texmf-dist/tex/latex/graphics/graphicx.sty
Package: graphicx 2021/09/16 v1.2d Enhanced LaTeX Graphics (DPC,SPQR)
 (/usr/share/texlive/texmf-dist/tex/latex/graphics/keyval.sty
Package: keyval 2022/05/29 v1.15 key=value parser (DPC)
\KV@toks@=\toks19
) (/usr/share/texlive/texmf-dist/tex/latex/graphics/graphics.sty
Package: graphics 2022/03/10 v1.4e Standard LaTeX Graphics (DPC,SPQR)
 (/usr/share/texlive/texmf-dist/tex/latex/graphics/trig.sty
Package: trig 2021/08/11 v1.11 sin cos tan (DPC)
) (/usr/share/texlive/texmf-dist/tex/latex/graphics-cfg/graphics.cfg
File: graphics.cfg 2016/06/04 v1.11 sample graphics configuration
)
Package graphics Info: Driver file: pdftex.def on input line 107.
 (/usr/share/texlive/texmf-dist/tex/latex/graphics-def/pdftex.def
File: pdftex.def 2022/09/22 v1.2b Graphics/color driver for pdftex
))
\Gin@req@height=\dimen144
\Gin@req@width=\dimen145
) (/usr/share/texlive/texmf-dist/tex/latex/float/float.sty
Package: float 2001/11/08 v1.3d Float enhancements (AL)
\c@float@type=\count196
\float@exts=\toks20
\float@box=\box53
\@float@everytoks=\toks21
\@floatcapt=\box54
) (/usr/share/texlive/texmf-dist/tex/latex/l3backend/l3backend-pdftex.def
File: l3backend-pdftex.def 2024-01-04 L3 backend support: PDF output (pdfTeX)
\l__color_backend_stack_int=\count197
\l__pdf_internal_box=\box55
) (./writeup.aux)
\openout1 = `writeup.aux'.

LaTeX Font Info:    Checking defaults for OML/cmm/m/it on input line 5.
LaTeX Font Info:    ... okay on input line 5.
LaTeX Font Info:    Checking defaults for OMS/cmsy/m/n on input line 5.
LaTeX Font Info:    ... okay on input line 5.
LaTeX Font Info:    Checking defaults for OT1/cmr/m/n on input line 5.
LaTeX Font Info:    ... okay on input line 5.
LaTeX Font Info:    Checking defaults for T1/cmr/m/n on input line 5.
LaTeX Font Info:    ... okay on input line 5.
LaTeX Font Info:    Checking defaults for TS1/cmr/m/n on input line 5.
LaTeX Font Info:    ... okay on input line 5.
LaTeX Font Info:    Checking defaults for OMX/cmex/m/n on input line 5.
LaTeX Font Info:    ... okay on input line 5.
LaTeX Font Info:    Checking defaults for U/cmr/m/n on input line 5.
LaTeX Font Info:    ... okay on input line 5.
 (/usr/share/texlive/texmf-dist/tex/context/base/mkii/supp-pdf.mkii
[Loading MPS to PDF converter (version 2006.09.02).]
\scratchcounter=\count198
\scratchdimen=\dimen146
\scratchbox=\box56
\nofMPsegments=\count199
\nofMParguments=\count266
\everyMPshowfont=\toks22
\MPscratchCnt=\count267
\MPscratchDim=\dimen147
\MPnumerator=\count268
\makeMPintoPDFobject=\count269
\everyMPtoPDFconversion=\toks23
) (/usr/share/texlive/texmf-dist/tex/latex/epstopdf-pkg/epstopdf-base.sty
Package: epstopdf-base 2020-01-24 v2.11 Base part for package epstopdf
Package epstopdf-base Info: Redefining graphics rule for `.eps' on input line 485.
 (/usr/share/texlive/texmf-dist/tex/latex/latexconfig/epstopdf-sys.cfg
File: epstopdf-sys.cfg 2010/07/13 v1.3 Configuration of (r)epstopdf for TeX Live
)) [1

{/var/lib/texmf/fonts/map/pdftex/updmap/pdftex.map}]
Overfull \hbox (13.86942pt too wide) in paragraph at lines 34--35
[]\OT1/cmr/m/n/12 Our project will be de-liv-ered in three phases: de-vel-op-ment, test-ing/feedback,
 []

(./writeup.toc [1]
LaTeX Font Info:    External font `cmex10' loaded for size
(Font)              <12> on input line 4.
LaTeX Font Info:    External font `cmex10' loaded for size
(Font)              <8> on input line 4.
LaTeX Font Info:    External font `cmex10' loaded for size
(Font)              <6> on input line 4.
)
\tf@toc=\write3
\openout3 = `writeup.toc'.

 (./writeup.lot [2])
\tf@lot=\write4
\openout4 = `writeup.lot'.

 (./writeup.lof)
\tf@lof=\write5
\openout5 = `writeup.lof'.

 [3] [1] [2] [3]
<images/401Technical.drawio.png, id=29, 412.54124pt x 553.06625pt>
File: images/401Technical.drawio.png Graphic file (type png)
<use images/401Technical.drawio.png>
Package pdftex.def Info: images/401Technical.drawio.png  used on input line 94.
(pdftex.def)             Requested size: 195.0pt x 261.42645pt.
 [4] [5 <./images/401Technical.drawio.png>] [6] [7] [8] [9] [10] [11] [12] [13]

LaTeX Warning: `!h' float specifier changed to `!ht'.

[14]
Overfull \hbox (165.50285pt too wide) in paragraph at lines 273--275
\OT1/cmtt/m/n/12 https://viva.pressbooks.pub/app/uploads/sites/12/2019/08/WK-AABA-and-strophic-forms.pdf 
 []

[15]
Underfull \hbox (badness 10000) in paragraph at lines 277--279
[]\OT1/cmr/m/n/12 ``Open Mu-sic The-ory,'' VIVA Press-books. [On-line]. Avail-able:
 []


Underfull \hbox (badness 6792) in paragraph at lines 281--283
[]\OT1/cmr/m/n/12 ``teor^^S^^Pa: Mu-sic The-ory Web,'' \OT1/cmr/m/it/12 teo-ria.com\OT1/cmr/m/n/12 . [On-line]. Avail-able:
 []


Underfull \hbox (badness 4084) in paragraph at lines 285--287
[]\OT1/cmr/m/n/12 S. Richter, ``Teo-ria: a web-based the-ory & ear-training plat-
 []


Underfull \hbox (badness 3668) in paragraph at lines 285--287
\OT1/cmr/m/n/12 form,'' \OT1/cmr/m/it/12 Evolv-ing Ed-u-ca-tors Blog\OT1/cmr/m/n/12 , Oct. 2019. [On-line]. Avail-able:
 []


Underfull \hbox (badness 10000) in paragraph at lines 297--299
[]\OT1/cmr/m/n/12 ``EarMaster Cloud for Ed-u-ca-tion,'' \OT1/cmr/m/it/12 Ear-
 []


Underfull \hbox (badness 10000) in paragraph at lines 297--299
\OT1/cmr/m/it/12 Mas-ter Of-fi-cial Site\OT1/cmr/m/n/12 . [On-line]. Avail-able:
 []


Overfull \hbox (184.02786pt too wide) in paragraph at lines 297--299
\OT1/cmtt/m/n/12 https://www.earmaster.com/products/ear-training-sight-singing/earmaster-cloud-edition.html 
 []

[16] (./writeup.aux)
 ***********
LaTeX2e <2023-11-01> patch level 1
L3 programming layer <2024-01-22>
 ***********
 ) 
Here is how much of TeX's memory you used:
 1643 strings out of 476182
 26100 string characters out of 5795595
 1932975 words of memory out of 5000000
 23659 multiletter control sequences out of 15000+600000
 563445 words of font info for 54 fonts, out of 8000000 for 9000
 14 hyphenation exceptions out of 8191
 57i,11n,65p,2222b,254s stack positions out of 10000i,1000n,20000p,200000b,200000s
</usr/share/texlive/texmf-dist/fonts/type1/public/amsfonts/cm/cmbx12.pfb></usr/share/texlive/texmf-dist/fonts/type1/public/amsfonts/cm/cmr12.pfb></usr/share/texlive/texmf-dist/fonts/type1/public/amsfonts/cm/cmr17.pfb></usr/share/texlive/texmf-dist/fonts/type1/public/amsfonts/cm/cmti12.pfb></usr/share/texlive/texmf-dist/fonts/type1/public/amsfonts/cm/cmtt12.pfb>
Output written on writeup.pdf (20 pages, 133089 bytes).
PDF statistics:
 97 PDF objects out of 1000 (max. 8388607)
 62 compressed objects within 1 object stream
 0 named destinations out of 1000 (max. 500000)
 6 words of extra memory for PDF output out of 10000 (max. 10000000)

